m4.xlarge   SUCCESS 1.600   40   3200   20    true    130.5
m4.large    SUCCESS 1.647   82   3200   39    true    130.5
c4.large    SUCCESS 1.659   83   3200   83    true    130.5
