m4.xlarge   SUCCESS 0.22   80.00   0.81   10.00   true   130.70
m4.large    SUCCESS 3.67   80.00   1.00   10.00   true   130.73
c4.large    SUCCESS 3.09   80.00   1.00   10.00   true   130.65