m4.xlarge   SUCCESS 49.297   0.809   true   130.701
m4.large    FAIL    100.000  1.458   true   130.730
c4.large    FAIL    99.258   2.800   true   130.652