m4.xlarge   SUCCESS 0.000   0   0   0   false   0.000
m4.large    SUCCESS 0.000   0   0   0   false   0.000
c4.large    SUCCESS 0.000   0   0   0   false   0.000